// Jest Snapshot v1, https://goo.gl/fbAQLP

exports[`<Video /> should render the heading 1`] = `
<div
  class="flex-1"
>
  Video
</div>
`;
